
out 0  New-value = 0
---------------
0 NOR 0
---------------
NAND activated!
NAND activated!
NAND activated!
NAND activated!
NAND activated!
NAND activated!
NAND activated!
out 6  New-value = 1
NAND activated!
NAND activated!
NAND activated!
NAND activated!
out 12  New-value = 0
NAND activated!
NAND activated!
out 18  New-value = 1
NAND activated!
output is 1
---------------
0 NOR 1
---------------
NAND activated!
NAND activated!
NAND activated!
NAND activated!
out 36  New-value = 0
NAND activated!
output is 0
---------------
1 NOR 1
---------------
NAND activated!
NAND activated!
NAND activated!
output is 0
---------------
1 NOR 0
---------------
NAND activated!
NAND activated!
NAND activated!
output is 0
