[97,78,30,89,38,83,54,77,23,57,94,95,55,27,70,70,53,19,30,13,28,97,11,57,70,40,91,70,64,54,77,39,15,22,88,49,29,24,80,63,39,51,59,28,25,48,79,48,96,39,81,95,69,14,77,88,81,65,10,15,59,25,40,60,45,40,97,61,27,55,71,37,19,45,33,47,79,79,26,27,56,37,99,19,29,35,86,95,64,24,53,35,75,94,42,84,82,14,88,28,23,24,95,79,80,56,84,15,50,26,41,91,61,12,12,67,23,53,61,58,92,64,49,71,55,12,63,79,48,30,85,25,51,33,16,40,71,30,41,46,45,67,68,37,79,25,82,99,92,63,14,21,99,19,81,72,73,39,49,74,17,60,82,23,23,22,98,46,87,99,40,51,48,93,32,97,36,15,33,56,24,13,24,72,66,84,55,57,21,75]
