[50,35,17,90,33,46,38,56,47,58,56,70,33,71,20,32,75,74,64,39,90,67,18,41,72,46,36,15,32,11,52,53,79,12,64,87,30,85,76,52,53,61,12,32,64,23,37,88,28,28,96,83,57,14,25,30,51,80,12,32]
