
out 0  New-value = 0
---------------
0 OR 0
---------------
NAND activated!
NAND activated!
NAND activated!
NAND activated!
NAND activated!
out 6  New-value = 1
NAND activated!
NAND activated!
NAND activated!
out 12  New-value = 0
output is 0
---------------
0 OR 1
---------------
NAND activated!
NAND activated!
NAND activated!
out 24  New-value = 1
output is 1
---------------
1 OR 1
---------------
NAND activated!
NAND activated!
NAND activated!
output is 1
---------------
1 OR 0
---------------
NAND activated!
NAND activated!
NAND activated!
output is 1
